../Core/Src/main.c:87:6:RV3028C7_Backup	48	static
../Core/Src/main.c:95:6:RV3028C7_Reset	48	static
../Core/Src/main.c:113:6:RV3028C7_Init	56	static
../Core/Src/main.c:141:6:Enable_interrupt	48	static
../Core/Src/main.c:153:6:TimerA_Init	56	static
../Core/Src/main.c:173:6:Bat_Mode	48	static
../Core/Src/main.c:186:6:Go_To_Standby	16	static,ignoring_inline_asm
../Core/Src/main.c:228:6:Clock_Devider	8	static
../Core/Src/main.c:449:6:SystemClock_Config	128	static,ignoring_inline_asm
../Core/Src/main.c:311:5:main	56	static,ignoring_inline_asm
../Core/Src/main.c:638:6:Error_Handler	0	static,ignoring_inline_asm
