../Core/Src/main.c:87:6:RV3028C7_Backup	32	static
../Core/Src/main.c:95:6:RV3028C7_Reset	32	static
../Core/Src/main.c:113:6:RV3028C7_Init	48	static
../Core/Src/main.c:141:6:Enable_interrupt	32	static
../Core/Src/main.c:153:6:TimerA_Init	48	static
../Core/Src/main.c:173:6:Bat_Mode	32	static
../Core/Src/main.c:186:6:Go_To_Standby	16	static
../Core/Src/main.c:228:6:Clock_Devider	96	static
../Core/Src/main.c:311:5:main	24	static
../Core/Src/main.c:449:6:SystemClock_Config	136	static
../Core/Src/main.c:502:13:MX_I2C1_Init	8	static
../Core/Src/main.c:550:13:MX_RTC_Init	8	static
../Core/Src/main.c:593:13:MX_GPIO_Init	48	static
../Core/Src/main.c:638:6:Error_Handler	8	static,ignoring_inline_asm
