../Core/Src/main.c:108:6:RV3028C7_Backup	32	static
../Core/Src/main.c:117:6:RV3028C7_Reset	32	static
../Core/Src/main.c:137:6:RV3028C7_Init	48	static
../Core/Src/main.c:168:6:TimerA_Enable_interrupt	32	static
../Core/Src/main.c:180:6:TimerA_Init	48	static
../Core/Src/main.c:201:6:TimerB_Enable_interrupt	32	static
../Core/Src/main.c:212:6:TimerB_Init	48	static
../Core/Src/main.c:235:6:Bat_Mode	32	static
../Core/Src/main.c:250:6:Go_To_Standby	8	static
../Core/Src/main.c:267:6:Reset_PCF	32	static
../Core/Src/main.c:276:6:chooseMode	16	static
../Core/Src/main.c:309:5:main	24	static
../Core/Src/main.c:450:6:SystemClock_Config	136	static
../Core/Src/main.c:503:13:MX_I2C1_Init	8	static
../Core/Src/main.c:543:13:MX_USART1_UART_Init	8	static
../Core/Src/main.c:568:13:MX_GPIO_Init	48	static
../Core/Src/main.c:615:6:Error_Handler	8	static,ignoring_inline_asm
